inoahsmi @ inoahsmi ➜  progressive-lsp git:(prod-validation) ✗  ./build lsp aarch64 --flavor dogfood
./build run ide --folder /Users/inoahsmi/Development/pdf/supplytech-pdf-client/src
./build: cargo build -p xtask (CARGO_TARGET_DIR=/Users/inoahsmi/Library/CloudStorage/GoogleDrive-en.gannim@gmail.com/My Drive/Personal/Development/progressive-lsp/target)
   Compiling progressive-lsp-control v0.1.0 (/Users/inoahsmi/Library/CloudStorage/GoogleDrive-en.gannim@gmail.com/My Drive/Personal/Development/progressive-lsp/progressive-lsp-control)
   Compiling progressive-lsp-watch v0.1.0 (/Users/inoahsmi/Library/CloudStorage/GoogleDrive-en.gannim@gmail.com/My Drive/Personal/Development/progressive-lsp/progressive-lsp-watch)
   Compiling progressive-lsp-index v0.1.0 (/Users/inoahsmi/Library/CloudStorage/GoogleDrive-en.gannim@gmail.com/My Drive/Personal/Development/progressive-lsp/progressive-lsp-index)
   Compiling progressive-lsp-lang-java v0.1.0 (/Users/inoahsmi/Library/CloudStorage/GoogleDrive-en.gannim@gmail.com/My Drive/Personal/Development/progressive-lsp/progressive-lsp-lang-java)
   Compiling xtask v0.1.0 (/Users/inoahsmi/Library/CloudStorage/GoogleDrive-en.gannim@gmail.com/My Drive/Personal/Development/progressive-lsp/xtask)
warning: unused import: `DOCKERFILE_REL`
  --> xtask/src/freshness.rs:21:52
   |
21 | use crate::runtime_image::{runtime_dockerfile_rel, DOCKERFILE_REL, IMAGE_TAG};
   |                                                    ^^^^^^^^^^^^^^
   |
   = note: `#[warn(unused_imports)]` (part of `#[warn(unused)]`) on by default

warning: unused import: `self`
  --> xtask/src/pack.rs:17:5
   |
17 |     self, pull_cache_binary, push_cache_binary, ArtifactFormat, NetworkFetcher,
   |     ^^^^

warning: constant `DOCKERFILE_REL` is never used
  --> xtask/src/runtime_image.rs:48:11
   |
48 | pub const DOCKERFILE_REL: &str = DOCKERFILE_X86_REL;
   |           ^^^^^^^^^^^^^^
   |
   = note: `#[warn(dead_code)]` (part of `#[warn(unused)]`) on by default

warning: `xtask` (bin "xtask") generated 3 warnings (run `cargo fix --bin "xtask" -p xtask` to apply 2 suggestions)
    Finished `dev` profile [unoptimized + debuginfo] target(s) in 9.83s
./build lsp aarch64: (1/3) Linux musl controller
xtask docker: build --platform linux/arm64 --build-arg RUST_TARGET=aarch64-unknown-linux-musl -f /Users/inoahsmi/Library/CloudStorage/GoogleDrive-en.gannim@gmail.com/My Drive/Personal/Development/progressive-lsp/docker/rust-musl.Dockerfile --output type=local,dest=/Users/inoahsmi/Library/CloudStorage/GoogleDrive-en.gannim@gmail.com/My Drive/Personal/Development/progressive-lsp/target/musl/aarch64-unknown-linux-musl . --output dest=/Users/inoahsmi/Library/CloudStorage/GoogleDrive-en.gannim@gmail.com/My Drive/Personal/Development/progressive-lsp/target/musl/aarch64-unknown-linux-musl/progressive-lsp
[+] Building 252.8s (10/11)                                                                                              docker:desktop-linux
 => [internal] load build definition from rust-musl.Dockerfile                                                                           0.0s
 => => transferring dockerfile: 1.19kB                                                                                                   0.0s
 => [internal] load metadata for docker.io/library/rust:1.87-alpine                                                                      0.7s
 => [auth] library/rust:pull token for registry-1.docker.io                                                                              0.0s
 => [internal] load .dockerignore                                                                                                        0.0s
 => => transferring context: 544B                                                                                                        0.0s
 => [build 1/5] FROM docker.io/library/rust:1.87-alpine@sha256:126df0f2a57e675f9306fe180b833982ffb996e90a92a793bb75253cfeed5475          0.0s
 => => resolve docker.io/library/rust:1.87-alpine@sha256:126df0f2a57e675f9306fe180b833982ffb996e90a92a793bb75253cfeed5475                0.0s
 => [internal] load build context                                                                                                        0.1s
 => => transferring context: 390.48kB                                                                                                    0.1s
 => CACHED [build 2/5] RUN apk add --no-cache musl-dev &&     rustup target add "aarch64-unknown-linux-musl"                             0.0s
 => CACHED [build 3/5] WORKDIR /src                                                                                                      0.0s
 => [build 4/5] COPY . .                                                                                                                 0.2s
 => ERROR [build 5/5] RUN cargo build --release --locked --target "aarch64-unknown-linux-musl" --bin progressive-lsp &&     mkdir -p   251.7s
------
 > [build 5/5] RUN cargo build --release --locked --target "aarch64-unknown-linux-musl" --bin progressive-lsp &&     mkdir -p /out &&     cp "/src/target/aarch64-unknown-linux-musl/release/progressive-lsp" /out/progressive-lsp:
0.350 info: syncing channel updates for '1.87.0-aarch64-unknown-linux-musl'
0.754 info: latest update on 2025-05-15, rust version 1.87.0 (17067e9ac 2025-05-09)
0.778 info: downloading component 'clippy'
0.971 info: downloading component 'llvm-tools'
3.270 info: downloading component 'rustfmt'
3.426 info: installing component 'clippy'
3.726 info: installing component 'llvm-tools'
11.23 info: installing component 'rustfmt'
11.69     Updating crates.io index
11.80     Updating git repository `https://github.com/github/stack-graphs`
14.99  Downloading crates ...
15.11   Downloaded equivalent v1.0.2
15.12   Downloaded toml v0.8.23
15.13   Downloaded rhai_codegen v3.2.0
15.14   Downloaded version_check v0.9.5
15.14   Downloaded tree-sitter-html v0.23.2
15.14   Downloaded cfg-if v1.0.4
15.15   Downloaded getrandom v0.2.17
15.16   Downloaded no-std-compat v0.4.1
15.16   Downloaded tree-sitter-language v0.1.7
15.17   Downloaded prost v0.13.5
15.17   Downloaded log v0.4.34
15.17   Downloaded num-traits v0.2.19
15.18   Downloaded generic-array v0.14.7
15.18   Downloaded itoa v1.0.18
15.18   Downloaded toml_write v0.1.2
15.19   Downloaded thread_local v1.1.10
15.19   Downloaded spin v0.5.2
15.20   Downloaded toml_datetime v0.6.11
15.20   Downloaded shlex v2.0.1
15.20   Downloaded static_assertions v1.1.0
15.22   Downloaded zmij v1.0.23
15.24   Downloaded unicode-ident v1.0.24
15.26   Downloaded tracing-core v0.1.36
15.27   Downloaded serde_json v1.0.151
15.30   Downloaded typenum v1.20.1
15.30   Downloaded tree-sitter-javascript v0.23.1
15.31   Downloaded regex v1.13.1
15.32   Downloaded tree-sitter-java v0.23.5
15.33   Downloaded winnow v0.7.15
15.34   Downloaded tree-sitter v0.24.7
15.35   Downloaded tracing-subscriber v0.3.23
15.36   Downloaded vcpkg v0.2.15
15.41   Downloaded tree-sitter-c v0.23.4
15.42   Downloaded syn v2.0.119
15.43   Downloaded zerocopy v0.8.56
15.45   Downloaded tree-sitter-zig v1.1.2
15.46   Downloaded tree-sitter-rust v0.23.3
15.47   Downloaded syn v3.0.4
15.50   Downloaded regex-syntax v0.8.11
15.51   Downloaded aho-corasick v1.1.5
15.51   Downloaded tree-sitter-python v0.23.6
15.52   Downloaded itertools v0.14.0
15.53   Downloaded hashbrown v0.17.1
15.54   Downloaded tracing v0.1.44
15.56   Downloaded tree-sitter-php v0.23.11
15.57   Downloaded rhai v1.26.0
15.59   Downloaded rusqlite v0.40.2
15.61   Downloaded portable-atomic v1.15.0
15.62   Downloaded indexmap v2.14.1
15.62   Downloaded tree-sitter-go v0.23.4
15.63   Downloaded cc v1.4.4
15.63   Downloaded serde_derive v1.0.229
15.64   Downloaded bytes v1.12.1
15.64   Downloaded regex-automata v0.4.18
15.66   Downloaded ahash v0.8.12
15.66   Downloaded toml_edit v0.22.27
15.67   Downloaded semver v1.0.28
15.67   Downloaded getrandom v0.3.4
15.68   Downloaded bitflags v2.13.1
15.68   Downloaded tree-sitter-css v0.23.2
15.69   Downloaded thin-vec v0.2.19
15.69   Downloaded smallvec v1.15.2
15.69   Downloaded sharded-slab v0.1.7
15.69   Downloaded serde_core v1.0.229
15.70   Downloaded serde v1.0.229
15.70   Downloaded libc v0.2.189
15.74   Downloaded proc-macro2 v1.0.107
15.75   Downloaded pkg-config v0.3.34
15.75   Downloaded once_cell v1.21.4
15.75   Downloaded memchr v2.8.3
15.76   Downloaded hashlink v0.12.1
15.76   Downloaded find-msvc-tools v0.1.11
15.76   Downloaded either v1.18.0
15.76   Downloaded tree-sitter-cpp v0.23.4
15.78   Downloaded digest v0.10.7
15.79   Downloaded cpufeatures v0.2.17
15.79   Downloaded anyhow v1.0.104
15.79   Downloaded tracing-attributes v0.1.31
15.79   Downloaded tiny-keccak v2.0.2
15.80   Downloaded thiserror-impl v2.0.20
15.80   Downloaded thiserror v2.0.20
15.80   Downloaded streaming-iterator v0.1.9
15.81   Downloaded sha2 v0.10.9
15.81   Downloaded foldhash v0.2.0
15.81   Downloaded fallible-iterator v0.3.0
15.81   Downloaded autocfg v1.5.1
15.81   Downloaded smartstring v1.0.1
15.81   Downloaded quote v1.0.47
15.82   Downloaded prost-derive v0.13.5
15.82   Downloaded const-random v0.1.18
15.82   Downloaded crunchy v0.2.4
15.83   Downloaded serde_spanned v0.6.9
15.83   Downloaded tree-sitter-c-sharp v0.21.3
15.86   Downloaded pin-project-lite v0.2.17
15.87   Downloaded fallible-streaming-iterator v0.1.9
15.87   Downloaded block-buffer v0.10.4
15.87   Downloaded crypto-common v0.1.7
15.87   Downloaded const-random-macro v0.1.16
15.87   Downloaded lazy_static v1.5.0
15.88   Downloaded libsqlite3-sys v0.38.2
16.01    Compiling shlex v2.0.1
16.01    Compiling find-msvc-tools v0.1.11
16.01    Compiling proc-macro2 v1.0.107
16.01    Compiling unicode-ident v1.0.24
16.01    Compiling quote v1.0.47
16.01    Compiling tree-sitter-language v0.1.7
16.01    Compiling version_check v0.9.5
16.01    Compiling libc v0.2.189
16.01    Compiling serde_core v1.0.229
16.02    Compiling cfg-if v1.0.4
16.02    Compiling foldhash v0.2.0
16.02    Compiling serde v1.0.229
16.22    Compiling typenum v1.20.1
16.24    Compiling equivalent v1.0.2
16.30    Compiling hashbrown v0.17.1
16.35    Compiling cc v1.4.4
16.73    Compiling winnow v0.7.15
16.75    Compiling thiserror v2.0.20
16.85    Compiling toml_write v0.1.2
16.88    Compiling generic-array v0.14.7
16.90    Compiling semver v1.0.28
16.94    Compiling memchr v2.8.3
17.41    Compiling portable-atomic v1.15.0
17.46    Compiling autocfg v1.5.1
17.71    Compiling zmij v1.0.23
18.29    Compiling crunchy v0.2.4
18.58    Compiling indexmap v2.14.1
18.67    Compiling anyhow v1.0.104
18.69    Compiling tiny-keccak v2.0.2
18.90    Compiling syn v3.0.4
18.91    Compiling syn v2.0.119
18.92    Compiling serde_json v1.0.151
19.48    Compiling itoa v1.0.18
19.76    Compiling once_cell v1.21.4
20.32    Compiling either v1.18.0
20.63    Compiling tree-sitter v0.24.7
20.70    Compiling crypto-common v0.1.7
20.83    Compiling block-buffer v0.10.4
20.87    Compiling cpufeatures v0.2.17
20.88    Compiling itertools v0.14.0
20.89    Compiling aho-corasick v1.1.5
20.97    Compiling digest v0.10.7
21.00    Compiling vcpkg v0.2.15
21.08    Compiling zerocopy v0.8.56
21.18    Compiling regex-syntax v0.8.11
21.36    Compiling sha2 v0.10.9
21.49    Compiling getrandom v0.3.4
22.13    Compiling pkg-config v0.3.34
22.35    Compiling getrandom v0.2.17
22.63    Compiling const-random-macro v0.1.16
22.78    Compiling num-traits v0.2.19
23.04    Compiling smartstring v1.0.1
23.05    Compiling ahash v0.8.12
23.09    Compiling libsqlite3-sys v0.38.2
23.15    Compiling bytes v1.12.1
23.34    Compiling bitflags v2.13.1
23.37    Compiling smallvec v1.15.2
23.89    Compiling const-random v0.1.18
24.19    Compiling tracing-core v0.1.36
24.23    Compiling static_assertions v1.1.0
24.33    Compiling lazy_static v1.5.0
24.46    Compiling streaming-iterator v0.1.9
24.49    Compiling sharded-slab v0.1.7
25.25    Compiling serde_derive v1.0.229
25.44    Compiling thiserror-impl v2.0.20
27.64    Compiling regex-automata v0.4.18
27.96    Compiling hashlink v0.12.1
29.47    Compiling thread_local v1.1.10
29.98    Compiling thin-vec v0.2.19
30.24    Compiling fallible-streaming-iterator v0.1.9
30.37    Compiling pin-project-lite v0.2.17
30.47    Compiling fallible-iterator v0.3.0
30.52    Compiling tracing-subscriber v0.3.23
30.64    Compiling log v0.4.34
30.90    Compiling tree-sitter-c-sharp v0.21.3
31.37    Compiling tree-sitter-go v0.23.4
31.51    Compiling tree-sitter-rust v0.23.3
31.80    Compiling tree-sitter-zig v1.1.2
31.92    Compiling tree-sitter-python v0.23.6
32.00    Compiling tree-sitter-javascript v0.23.1
32.31    Compiling tree-sitter-c v0.23.4
32.51    Compiling tree-sitter-cpp v0.23.4
32.98    Compiling tree-sitter-html v0.23.2
33.08    Compiling tree-sitter-css v0.23.2
33.27    Compiling tree-sitter-java v0.23.5
33.92    Compiling tree-sitter-php v0.23.11
34.57    Compiling prost-derive v0.13.5
34.72    Compiling tracing-attributes v0.1.31
35.33    Compiling rhai_codegen v3.2.0
36.73    Compiling toml_datetime v0.6.11
36.91    Compiling serde_spanned v0.6.9
37.11    Compiling toml_edit v0.22.27
37.37    Compiling regex v1.13.1
37.65    Compiling tracing v0.1.44
38.31    Compiling prost v0.13.5
39.37    Compiling rhai v1.26.0
43.04    Compiling toml v0.8.23
44.01    Compiling progressive-lsp-core v0.1.0 (/src/progressive-lsp-core)
44.92    Compiling progressive-lsp-resolve v0.1.0 (/src/progressive-lsp-resolve)
44.97    Compiling progressive-lsp-control v0.1.0 (/src/progressive-lsp-control)
47.25    Compiling progressive-lsp-watch v0.1.0 (/src/progressive-lsp-watch)
47.37    Compiling progressive-lsp-plugin v0.1.0 (/src/progressive-lsp-plugin)
47.80    Compiling progressive-lsp-index v0.1.0 (/src/progressive-lsp-index)
48.32    Compiling progressive-lsp-install v0.1.0 (/src/progressive-lsp-install)
48.38    Compiling progressive-lsp-workspace v0.1.0 (/src/progressive-lsp-workspace)
48.87    Compiling progressive-lsp-protocol v0.1.0 (/src/progressive-lsp-protocol)
49.20    Compiling progressive-lsp-lang-csharp v0.1.0 (/src/progressive-lsp-lang-csharp)
71.90    Compiling progressive-lsp-script v0.1.0 (/src/progressive-lsp-script)
95.57    Compiling rusqlite v0.40.2
98.09    Compiling progressive-lsp-log v0.1.0 (/src/progressive-lsp-log)
99.59    Compiling progressive-lsp-engine v0.1.0 (/src/progressive-lsp-engine)
100.4    Compiling progressive-lsp-lang-go v0.1.0 (/src/progressive-lsp-lang-go)
100.9    Compiling progressive-lsp-lang-zig v0.1.0 (/src/progressive-lsp-lang-zig)
101.2    Compiling progressive-lsp-lang-html v0.1.0 (/src/progressive-lsp-lang-html)
101.6    Compiling progressive-lsp-lang-php v0.1.0 (/src/progressive-lsp-lang-php)
102.2    Compiling progressive-lsp-lang-python v0.1.0 (/src/progressive-lsp-lang-python)
102.4    Compiling progressive-lsp-lang-c v0.1.0 (/src/progressive-lsp-lang-c)
103.5    Compiling progressive-lsp-lang-cpp v0.1.0 (/src/progressive-lsp-lang-cpp)
103.6    Compiling progressive-lsp-lang-rust v0.1.0 (/src/progressive-lsp-lang-rust)
103.6    Compiling progressive-lsp-lang-java v0.1.0 (/src/progressive-lsp-lang-java)
103.7    Compiling progressive-lsp-lang-css v0.1.0 (/src/progressive-lsp-lang-css)
104.3    Compiling progressive-lsp-lang-javascript v0.1.0 (/src/progressive-lsp-lang-javascript)
104.7    Compiling progressive-lsp v0.1.0 (/src)
104.8 warning: unused import: `LanguageId`
104.8   --> src/serve_host.rs:18:34
104.8    |
104.8 18 |     FakeClock, InitializeFailed, LanguageId, LogComponent, LogPort, LogScope, NullLog, PackageId,
104.8    |                                  ^^^^^^^^^^
104.8    |
104.8    = note: `#[warn(unused_imports)]` on by default
104.8
105.1 error[E0382]: use of moved value: `writer`
105.1    --> src/lib.rs:380:37
105.1     |
105.1 373 |             Some(|writer| {
105.1     |                   ------ move occurs because `writer` has type `&mut W`, which does not implement the `Copy` trait
105.1 ...
105.1 377 |                 for push in srv.drain_pushes() {
105.1     |                 ------------------------------ inside of this loop
105.1 ...
105.1 380 |                     write_mux_frame(writer, CHANNEL_CONTROL, &frame)
105.1     |                                     ^^^^^^ value moved here, in previous iteration of loop
105.1     |
105.1 help: consider moving the expression out of the loop so it is only moved once
105.1     |
105.1 377 ~                 let mut value = write_mux_frame(writer, CHANNEL_CONTROL, &frame);
105.1 378 ~                 for push in srv.drain_pushes() {
105.1 379 |                     let frame = progressive_lsp_control::encode_frame(&push.to_bytes())
105.1 380 |                         .map_err(|e| InitializeFailed(e.to_string()))?;
105.1 381 ~                     value
105.1     |
105.1 help: consider creating a fresh reborrow of `writer` here
105.1     |
105.1 380 |                     write_mux_frame(&mut *writer, CHANNEL_CONTROL, &frame)
105.1     |                                     ++++++
105.1
105.1 error: implementation of `FnMut` is not general enough
105.1    --> src/lib.rs:366:9
105.1     |
105.1 366 | /         facade.serve_mux(
105.1 367 | |             &mut reader,
105.1 368 | |             &mut writer,
105.1 369 | |             Some(|payload: &[u8]| {
105.1 ...   |
105.1 384 | |             }),
105.1 385 | |         )?;
105.1     | |_________^ implementation of `FnMut` is not general enough
105.1     |
105.1     = note: closure with signature `fn(&'2 mut W) -> Result<(), InitializeFailed>` must implement `FnMut<(&'1 mut W,)>`, for any lifetime `'1`...
105.1     = note: ...but it actually implements `FnMut<(&'2 mut W,)>`, for some specific lifetime `'2`
105.1
105.1 error: implementation of `FnOnce` is not general enough
105.1    --> src/lib.rs:366:9
105.1     |
105.1 366 | /         facade.serve_mux(
105.1 367 | |             &mut reader,
105.1 368 | |             &mut writer,
105.1 369 | |             Some(|payload: &[u8]| {
105.1 ...   |
105.1 384 | |             }),
105.1 385 | |         )?;
105.1     | |_________^ implementation of `FnOnce` is not general enough
105.1     |
105.1     = note: closure with signature `fn(&'2 mut W) -> Result<(), InitializeFailed>` must implement `FnOnce<(&'1 mut W,)>`, for any lifetime `'1`...
105.1     = note: ...but it actually implements `FnOnce<(&'2 mut W,)>`, for some specific lifetime `'2`
105.1
105.2 For more information about this error, try `rustc --explain E0382`.
105.3 warning: `progressive-lsp` (lib) generated 1 warning
105.3 error: could not compile `progressive-lsp` (lib) due to 3 previous errors; 1 warning emitted
105.3 warning: build failed, waiting for other jobs to finish...
------
rust-musl.Dockerfile:22
--------------------
  21 |
  22 | >>> RUN cargo build --release --locked --target "${RUST_TARGET}" --bin progressive-lsp && \
  23 | >>>     mkdir -p /out && \
  24 | >>>     cp "/src/target/${RUST_TARGET}/release/progressive-lsp" /out/progressive-lsp
  25 |
--------------------
ERROR: failed to build: failed to solve: process "/bin/sh -c cargo build --release --locked --target \"${RUST_TARGET}\" --bin progressive-lsp &&     mkdir -p /out &&     cp \"/src/target/${RUST_TARGET}/release/progressive-lsp\" /out/progressive-lsp" did not complete successfully: exit code: 101
xtask: docker build failed for /Users/inoahsmi/Library/CloudStorage/GoogleDrive-en.gannim@gmail.com/My Drive/Personal/Development/progressive-lsp/target/musl/aarch64-unknown-linux-musl/progressive-lsp (exit exit status: 1). Registry 404/500 and git clone timeouts are fetch failures; a missing or non-static ELF is check-static. This is not automatically a musl-triple CI gap.
./build: cargo build -p xtask (CARGO_TARGET_DIR=/Users/inoahsmi/Library/CloudStorage/GoogleDrive-en.gannim@gmail.com/My Drive/Personal/Development/progressive-lsp/target)
warning: unused import: `DOCKERFILE_REL`
  --> xtask/src/freshness.rs:21:52
   |
21 | use crate::runtime_image::{runtime_dockerfile_rel, DOCKERFILE_REL, IMAGE_TAG};
   |                                                    ^^^^^^^^^^^^^^
   |
   = note: `#[warn(unused_imports)]` (part of `#[warn(unused)]`) on by default

warning: unused import: `self`
  --> xtask/src/pack.rs:17:5
   |
17 |     self, pull_cache_binary, push_cache_binary, ArtifactFormat, NetworkFetcher,
   |     ^^^^

warning: constant `DOCKERFILE_REL` is never used
  --> xtask/src/runtime_image.rs:48:11
   |
48 | pub const DOCKERFILE_REL: &str = DOCKERFILE_X86_REL;
   |           ^^^^^^^^^^^^^^
   |
   = note: `#[warn(dead_code)]` (part of `#[warn(unused)]`) on by default

warning: `xtask` (bin "xtask") generated 3 warnings (run `cargo fix --bin "xtask" -p xtask` to apply 2 suggestions)
    Finished `dev` profile [unoptimized + debuginfo] target(s) in 1.41s
./build run ide: container mode -> image progressive-lsp-runtime:local (Docker Desktop + `./build lsp <arch>`)
xtask: cargo build --bin progressive-lsp
   Compiling progressive-lsp-lang-zig v0.1.0 (/Users/inoahsmi/Library/CloudStorage/GoogleDrive-en.gannim@gmail.com/My Drive/Personal/Development/progressive-lsp/progressive-lsp-lang-zig)
   Compiling progressive-lsp-lang-python v0.1.0 (/Users/inoahsmi/Library/CloudStorage/GoogleDrive-en.gannim@gmail.com/My Drive/Personal/Development/progressive-lsp/progressive-lsp-lang-python)
   Compiling progressive-lsp-lang-cpp v0.1.0 (/Users/inoahsmi/Library/CloudStorage/GoogleDrive-en.gannim@gmail.com/My Drive/Personal/Development/progressive-lsp/progressive-lsp-lang-cpp)
   Compiling progressive-lsp-lang-go v0.1.0 (/Users/inoahsmi/Library/CloudStorage/GoogleDrive-en.gannim@gmail.com/My Drive/Personal/Development/progressive-lsp/progressive-lsp-lang-go)
   Compiling progressive-lsp-lang-html v0.1.0 (/Users/inoahsmi/Library/CloudStorage/GoogleDrive-en.gannim@gmail.com/My Drive/Personal/Development/progressive-lsp/progressive-lsp-lang-html)
   Compiling progressive-lsp-lang-php v0.1.0 (/Users/inoahsmi/Library/CloudStorage/GoogleDrive-en.gannim@gmail.com/My Drive/Personal/Development/progressive-lsp/progressive-lsp-lang-php)
   Compiling progressive-lsp-lang-c v0.1.0 (/Users/inoahsmi/Library/CloudStorage/GoogleDrive-en.gannim@gmail.com/My Drive/Personal/Development/progressive-lsp/progressive-lsp-lang-c)
   Compiling progressive-lsp-lang-csharp v0.1.0 (/Users/inoahsmi/Library/CloudStorage/GoogleDrive-en.gannim@gmail.com/My Drive/Personal/Development/progressive-lsp/progressive-lsp-lang-csharp)
   Compiling progressive-lsp-lang-rust v0.1.0 (/Users/inoahsmi/Library/CloudStorage/GoogleDrive-en.gannim@gmail.com/My Drive/Personal/Development/progressive-lsp/progressive-lsp-lang-rust)
   Compiling progressive-lsp-lang-javascript v0.1.0 (/Users/inoahsmi/Library/CloudStorage/GoogleDrive-en.gannim@gmail.com/My Drive/Personal/Development/progressive-lsp/progressive-lsp-lang-javascript)
   Compiling progressive-lsp-lang-css v0.1.0 (/Users/inoahsmi/Library/CloudStorage/GoogleDrive-en.gannim@gmail.com/My Drive/Personal/Development/progressive-lsp/progressive-lsp-lang-css)
   Compiling progressive-lsp-protocol v0.1.0 (/Users/inoahsmi/Library/CloudStorage/GoogleDrive-en.gannim@gmail.com/My Drive/Personal/Development/progressive-lsp/progressive-lsp-protocol)
   Compiling progressive-lsp v0.1.0 (/Users/inoahsmi/Library/CloudStorage/GoogleDrive-en.gannim@gmail.com/My Drive/Personal/Development/progressive-lsp)
warning: unused import: `LanguageId`
  --> src/serve_host.rs:18:34
   |
18 |     FakeClock, InitializeFailed, LanguageId, LogComponent, LogPort, LogScope, NullLog, PackageId,
   |                                  ^^^^^^^^^^
   |
   = note: `#[warn(unused_imports)]` (part of `#[warn(unused)]`) on by default

error[E0382]: use of moved value: `writer`
   --> src/lib.rs:380:37
    |
373 |             Some(|writer| {
    |                   ------ move occurs because `writer` has type `&mut W`, which does not implement the `Copy` trait
...
377 |                 for push in srv.drain_pushes() {
    |                 ------------------------------ inside of this loop
...
380 |                     write_mux_frame(writer, CHANNEL_CONTROL, &frame)
    |                                     ^^^^^^ value moved here, in previous iteration of loop

error: implementation of `FnMut` is not general enough
   --> src/lib.rs:366:9
    |
366 | /         facade.serve_mux(
367 | |             &mut reader,
368 | |             &mut writer,
369 | |             Some(|payload: &[u8]| {
...   |
384 | |             }),
385 | |         )?;
    | |_________^ implementation of `FnMut` is not general enough
    |
    = note: closure with signature `fn(&'2 mut W) -> Result<(), InitializeFailed>` must implement `FnMut<(&'1 mut W,)>`, for any lifetime `'1`...
    = note: ...but it actually implements `FnMut<(&'2 mut W,)>`, for some specific lifetime `'2`

error: implementation of `FnOnce` is not general enough
   --> src/lib.rs:366:9
    |
366 | /         facade.serve_mux(
367 | |             &mut reader,
368 | |             &mut writer,
369 | |             Some(|payload: &[u8]| {
...   |
384 | |             }),
385 | |         )?;
    | |_________^ implementation of `FnOnce` is not general enough
    |
    = note: closure with signature `fn(&'2 mut W) -> Result<(), InitializeFailed>` must implement `FnOnce<(&'1 mut W,)>`, for any lifetime `'1`...
    = note: ...but it actually implements `FnOnce<(&'2 mut W,)>`, for some specific lifetime `'2`

For more information about this error, try `rustc --explain E0382`.
warning: `progressive-lsp` (lib) generated 1 warning
error: could not compile `progressive-lsp` (lib) due to 3 previous errors; 1 warning emitted
xtask: cargo build --bin progressive-lsp failed (exit status: 101)
inoahsmi @ inoahsmi ➜  progressive-lsp git:(prod-validation) ✗  ./build lsp aarch64 --flavor dogfood
./build run ide --folder /Users/inoahsmi/Development/pdf/supplytech-pdf-client/src
./build: cargo build -p xtask (CARGO_TARGET_DIR=/Users/inoahsmi/Library/CloudStorage/GoogleDrive-en.gannim@gmail.com/My Drive/Personal/Development/progressive-lsp/target)
warning: unused import: `DOCKERFILE_REL`
  --> xtask/src/freshness.rs:21:52
   |
21 | use crate::runtime_image::{runtime_dockerfile_rel, DOCKERFILE_REL, IMAGE_TAG};
   |                                                    ^^^^^^^^^^^^^^
   |
   = note: `#[warn(unused_imports)]` (part of `#[warn(unused)]`) on by default

warning: unused import: `self`
  --> xtask/src/pack.rs:17:5
   |
17 |     self, pull_cache_binary, push_cache_binary, ArtifactFormat, NetworkFetcher,
   |     ^^^^

warning: constant `DOCKERFILE_REL` is never used
  --> xtask/src/runtime_image.rs:48:11
   |
48 | pub const DOCKERFILE_REL: &str = DOCKERFILE_X86_REL;
   |           ^^^^^^^^^^^^^^
   |
   = note: `#[warn(dead_code)]` (part of `#[warn(unused)]`) on by default

warning: `xtask` (bin "xtask") generated 3 warnings (run `cargo fix --bin "xtask" -p xtask` to apply 2 suggestions)
    Finished `dev` profile [unoptimized + debuginfo] target(s) in 0.63s
./build lsp aarch64: (1/3) Linux musl controller
xtask docker: build --platform linux/arm64 --build-arg RUST_TARGET=aarch64-unknown-linux-musl -f /Users/inoahsmi/Library/CloudStorage/GoogleDrive-en.gannim@gmail.com/My Drive/Personal/Development/progressive-lsp/docker/rust-musl.Dockerfile --output type=local,dest=/Users/inoahsmi/Library/CloudStorage/GoogleDrive-en.gannim@gmail.com/My Drive/Personal/Development/progressive-lsp/target/musl/aarch64-unknown-linux-musl . --output dest=/Users/inoahsmi/Library/CloudStorage/GoogleDrive-en.gannim@gmail.com/My Drive/Personal/Development/progressive-lsp/target/musl/aarch64-unknown-linux-musl/progressive-lsp
[+] Building 152.1s (10/11)                                                                                              docker:desktop-linux
 => [internal] load build definition from rust-musl.Dockerfile                                                                           0.0s
 => => transferring dockerfile: 1.19kB                                                                                                   0.0s
 => [internal] load metadata for docker.io/library/rust:1.87-alpine                                                                      0.7s
 => [auth] library/rust:pull token for registry-1.docker.io                                                                              0.0s
 => [internal] load .dockerignore                                                                                                        0.0s
 => => transferring context: 544B                                                                                                        0.0s
 => [build 1/5] FROM docker.io/library/rust:1.87-alpine@sha256:126df0f2a57e675f9306fe180b833982ffb996e90a92a793bb75253cfeed5475          0.0s
 => => resolve docker.io/library/rust:1.87-alpine@sha256:126df0f2a57e675f9306fe180b833982ffb996e90a92a793bb75253cfeed5475                0.0s
 => [internal] load build context                                                                                                        0.1s
 => => transferring context: 56.65kB                                                                                                     0.1s
 => CACHED [build 2/5] RUN apk add --no-cache musl-dev &&     rustup target add "aarch64-unknown-linux-musl"                             0.0s
 => CACHED [build 3/5] WORKDIR /src                                                                                                      0.0s
 => CACHED [build 4/5] COPY . .                                                                                                          0.0s
 => ERROR [build 5/5] RUN cargo build --release --locked --target "aarch64-unknown-linux-musl" --bin progressive-lsp &&     mkdir -p   151.2s
------
 > [build 5/5] RUN cargo build --release --locked --target "aarch64-unknown-linux-musl" --bin progressive-lsp &&     mkdir -p /out &&     cp "/src/target/aarch64-unknown-linux-musl/release/progressive-lsp" /out/progressive-lsp:
0.254 info: syncing channel updates for '1.87.0-aarch64-unknown-linux-musl'
0.797 info: latest update on 2025-05-15, rust version 1.87.0 (17067e9ac 2025-05-09)
0.823 info: downloading component 'clippy'
1.420 info: downloading component 'llvm-tools'
7.307 info: downloading component 'rustfmt'
7.937 info: installing component 'clippy'
8.230 info: installing component 'llvm-tools'
13.16 info: installing component 'rustfmt'
13.61     Updating crates.io index
13.61     Updating git repository `https://github.com/github/stack-graphs`
17.39  Downloading crates ...
17.52   Downloaded digest v0.10.7
17.54   Downloaded foldhash v0.2.0
17.55   Downloaded tracing-core v0.1.36
17.56   Downloaded toml_write v0.1.2
17.56   Downloaded cfg-if v1.0.4
17.56   Downloaded cpufeatures v0.2.17
17.57   Downloaded no-std-compat v0.4.1
17.57   Downloaded crunchy v0.2.4
17.57   Downloaded equivalent v1.0.2
17.57   Downloaded version_check v0.9.5
17.57   Downloaded serde_spanned v0.6.9
17.58   Downloaded toml_datetime v0.6.11
17.58   Downloaded const-random-macro v0.1.16
17.58   Downloaded fallible-streaming-iterator v0.1.9
17.58   Downloaded block-buffer v0.10.4
17.58   Downloaded tree-sitter-language v0.1.7
17.58   Downloaded thread_local v1.1.10
17.59   Downloaded streaming-iterator v0.1.9
17.59   Downloaded either v1.18.0
17.59   Downloaded spin v0.5.2
17.59   Downloaded const-random v0.1.18
17.59   Downloaded generic-array v0.14.7
17.59   Downloaded lazy_static v1.5.0
17.60   Downloaded itoa v1.0.18
17.60   Downloaded tree-sitter-html v0.23.2
17.60   Downloaded crypto-common v0.1.7
17.62   Downloaded tiny-keccak v2.0.2
17.63   Downloaded zmij v1.0.23
17.63   Downloaded thiserror v2.0.20
17.63   Downloaded getrandom v0.2.17
17.64   Downloaded fallible-iterator v0.3.0
17.64   Downloaded autocfg v1.5.1
17.64   Downloaded toml v0.8.23
17.64   Downloaded thiserror-impl v2.0.20
17.65   Downloaded thin-vec v0.2.19
17.65   Downloaded prost v0.13.5
17.65   Downloaded static_assertions v1.1.0
17.65   Downloaded smartstring v1.0.1
17.65   Downloaded prost-derive v0.13.5
17.72   Downloaded find-msvc-tools v0.1.11
17.72   Downloaded tree-sitter-css v0.23.2
17.72   Downloaded shlex v2.0.1
17.74   Downloaded sha2 v0.10.9
17.74   Downloaded smallvec v1.15.2
17.74   Downloaded proc-macro2 v1.0.107
17.75   Downloaded tracing-attributes v0.1.31
17.75   Downloaded unicode-ident v1.0.24
17.76   Downloaded anyhow v1.0.104
17.76   Downloaded bytes v1.12.1
17.76   Downloaded serde_core v1.0.229
17.76   Downloaded serde v1.0.229
17.77   Downloaded num-traits v0.2.19
17.77   Downloaded getrandom v0.3.4
17.77   Downloaded bitflags v2.13.1
17.78   Downloaded semver v1.0.28
17.78   Downloaded once_cell v1.21.4
17.78   Downloaded pin-project-lite v0.2.17
17.79   Downloaded log v0.4.34
17.79   Downloaded ahash v0.8.12
17.79   Downloaded toml_edit v0.22.27
17.80   Downloaded tree-sitter-go v0.23.4
17.80   Downloaded indexmap v2.14.1
17.81   Downloaded serde_derive v1.0.229
17.81   Downloaded sharded-slab v0.1.7
17.81   Downloaded rhai_codegen v3.2.0
17.82   Downloaded quote v1.0.47
17.82   Downloaded cc v1.4.4
17.82   Downloaded pkg-config v0.3.34
17.82   Downloaded hashlink v0.12.1
17.84   Downloaded memchr v2.8.3
17.85   Downloaded typenum v1.20.1
17.85   Downloaded tree-sitter-java v0.23.5
17.86   Downloaded tree-sitter-javascript v0.23.1
17.87   Downloaded tree-sitter-python v0.23.6
17.87   Downloaded winnow v0.7.15
17.88   Downloaded portable-atomic v1.15.0
17.89   Downloaded aho-corasick v1.1.5
17.90   Downloaded tracing-subscriber v0.3.23
17.91   Downloaded vcpkg v0.2.15
17.95   Downloaded tree-sitter-zig v1.1.2
17.96   Downloaded zerocopy v0.8.56
17.98   Downloaded syn v3.0.4
17.99   Downloaded tree-sitter-c v0.23.4
18.00   Downloaded tree-sitter-rust v0.23.3
18.01   Downloaded regex-syntax v0.8.11
18.02   Downloaded syn v2.0.119
18.03   Downloaded tree-sitter v0.24.7
18.04   Downloaded rusqlite v0.40.2
18.05   Downloaded regex v1.13.1
18.05   Downloaded itertools v0.14.0
18.06   Downloaded serde_json v1.0.151
18.06   Downloaded tree-sitter-php v0.23.11
18.08   Downloaded tracing v0.1.44
18.10   Downloaded rhai v1.26.0
18.12   Downloaded hashbrown v0.17.1
18.12   Downloaded regex-automata v0.4.18
18.14   Downloaded libc v0.2.189
18.21   Downloaded tree-sitter-cpp v0.23.4
18.24   Downloaded tree-sitter-c-sharp v0.21.3
18.29   Downloaded libsqlite3-sys v0.38.2
18.46    Compiling shlex v2.0.1
18.46    Compiling find-msvc-tools v0.1.11
18.46    Compiling proc-macro2 v1.0.107
18.46    Compiling unicode-ident v1.0.24
18.46    Compiling quote v1.0.47
18.46    Compiling tree-sitter-language v0.1.7
18.46    Compiling version_check v0.9.5
18.46    Compiling libc v0.2.189
18.47    Compiling serde_core v1.0.229
18.47    Compiling foldhash v0.2.0
18.47    Compiling cfg-if v1.0.4
18.47    Compiling serde v1.0.229
18.63    Compiling typenum v1.20.1
18.65    Compiling equivalent v1.0.2
18.97    Compiling cc v1.4.4
19.00    Compiling hashbrown v0.17.1
19.09    Compiling toml_write v0.1.2
19.20    Compiling thiserror v2.0.20
19.26    Compiling winnow v0.7.15
19.31    Compiling generic-array v0.14.7
19.31    Compiling memchr v2.8.3
19.33    Compiling semver v1.0.28
19.61    Compiling portable-atomic v1.15.0
19.64    Compiling zmij v1.0.23
19.87    Compiling autocfg v1.5.1
20.00    Compiling crunchy v0.2.4
20.59    Compiling syn v3.0.4
20.62    Compiling indexmap v2.14.1
20.66    Compiling syn v2.0.119
20.75    Compiling serde_json v1.0.151
20.76    Compiling tiny-keccak v2.0.2
20.98    Compiling anyhow v1.0.104
21.26    Compiling cpufeatures v0.2.17
21.27    Compiling once_cell v1.21.4
21.50    Compiling itoa v1.0.18
21.61    Compiling crypto-common v0.1.7
21.69    Compiling block-buffer v0.10.4
21.74    Compiling either v1.18.0
21.90    Compiling digest v0.10.7
21.92    Compiling aho-corasick v1.1.5
22.01    Compiling tree-sitter v0.24.7
22.15    Compiling itertools v0.14.0
22.21    Compiling getrandom v0.3.4
22.21    Compiling sha2 v0.10.9
22.24    Compiling pkg-config v0.3.34
22.41    Compiling regex-syntax v0.8.11
22.52    Compiling zerocopy v0.8.56
22.89    Compiling vcpkg v0.2.15
23.20    Compiling getrandom v0.2.17
23.33    Compiling num-traits v0.2.19
23.43    Compiling const-random-macro v0.1.16
23.53    Compiling smartstring v1.0.1
23.82    Compiling ahash v0.8.12
23.83    Compiling smallvec v1.15.2
23.86    Compiling bitflags v2.13.1
24.16    Compiling bytes v1.12.1
24.43    Compiling libsqlite3-sys v0.38.2
24.52    Compiling const-random v0.1.18
24.79    Compiling tracing-core v0.1.36
24.94    Compiling lazy_static v1.5.0
25.12    Compiling static_assertions v1.1.0
25.24    Compiling streaming-iterator v0.1.9
26.02    Compiling sharded-slab v0.1.7
26.22    Compiling serde_derive v1.0.229
26.38    Compiling thiserror-impl v2.0.20
27.43    Compiling regex-automata v0.4.18
27.48    Compiling hashlink v0.12.1
27.62    Compiling thread_local v1.1.10
29.37    Compiling thin-vec v0.2.19
29.43    Compiling pin-project-lite v0.2.17
29.87    Compiling fallible-iterator v0.3.0
30.54    Compiling fallible-streaming-iterator v0.1.9
30.74    Compiling tracing-subscriber v0.3.23
30.79    Compiling log v0.4.34
30.82    Compiling tree-sitter-cpp v0.23.4
31.06    Compiling tree-sitter-c-sharp v0.21.3
31.08    Compiling tree-sitter-c v0.23.4
31.35    Compiling tree-sitter-php v0.23.11
31.41    Compiling tree-sitter-zig v1.1.2
31.55    Compiling tree-sitter-rust v0.23.3
31.65    Compiling tree-sitter-python v0.23.6
31.71    Compiling tree-sitter-html v0.23.2
31.82    Compiling tree-sitter-javascript v0.23.1
31.93    Compiling tree-sitter-go v0.23.4
31.97    Compiling tree-sitter-java v0.23.5
32.11    Compiling tree-sitter-css v0.23.2
33.18    Compiling prost-derive v0.13.5
34.10    Compiling tracing-attributes v0.1.31
34.37    Compiling rhai_codegen v3.2.0
35.47    Compiling regex v1.13.1
36.28    Compiling toml_datetime v0.6.11
36.42    Compiling serde_spanned v0.6.9
36.54    Compiling toml_edit v0.22.27
36.55    Compiling prost v0.13.5
36.57    Compiling tracing v0.1.44
37.60    Compiling rhai v1.26.0
40.01    Compiling toml v0.8.23
40.84    Compiling progressive-lsp-core v0.1.0 (/src/progressive-lsp-core)
41.28    Compiling progressive-lsp-resolve v0.1.0 (/src/progressive-lsp-resolve)
42.11    Compiling progressive-lsp-control v0.1.0 (/src/progressive-lsp-control)
43.66    Compiling progressive-lsp-watch v0.1.0 (/src/progressive-lsp-watch)
43.84    Compiling progressive-lsp-plugin v0.1.0 (/src/progressive-lsp-plugin)
43.97    Compiling progressive-lsp-index v0.1.0 (/src/progressive-lsp-index)
44.36    Compiling progressive-lsp-install v0.1.0 (/src/progressive-lsp-install)
44.46    Compiling progressive-lsp-workspace v0.1.0 (/src/progressive-lsp-workspace)
44.65    Compiling progressive-lsp-protocol v0.1.0 (/src/progressive-lsp-protocol)
44.97    Compiling progressive-lsp-lang-csharp v0.1.0 (/src/progressive-lsp-lang-csharp)
67.91    Compiling progressive-lsp-script v0.1.0 (/src/progressive-lsp-script)
88.04    Compiling rusqlite v0.40.2
89.49    Compiling progressive-lsp-log v0.1.0 (/src/progressive-lsp-log)
90.98    Compiling progressive-lsp-engine v0.1.0 (/src/progressive-lsp-engine)
91.51    Compiling progressive-lsp-lang-c v0.1.0 (/src/progressive-lsp-lang-c)
91.51    Compiling progressive-lsp-lang-javascript v0.1.0 (/src/progressive-lsp-lang-javascript)
91.73    Compiling progressive-lsp-lang-php v0.1.0 (/src/progressive-lsp-lang-php)
92.11    Compiling progressive-lsp-lang-zig v0.1.0 (/src/progressive-lsp-lang-zig)
92.27    Compiling progressive-lsp-lang-python v0.1.0 (/src/progressive-lsp-lang-python)
92.50    Compiling progressive-lsp-lang-go v0.1.0 (/src/progressive-lsp-lang-go)
92.62    Compiling progressive-lsp-lang-rust v0.1.0 (/src/progressive-lsp-lang-rust)
92.62    Compiling progressive-lsp-lang-java v0.1.0 (/src/progressive-lsp-lang-java)
92.88    Compiling progressive-lsp-lang-css v0.1.0 (/src/progressive-lsp-lang-css)
93.11    Compiling progressive-lsp-lang-html v0.1.0 (/src/progressive-lsp-lang-html)
93.57    Compiling progressive-lsp-lang-cpp v0.1.0 (/src/progressive-lsp-lang-cpp)
93.89    Compiling progressive-lsp v0.1.0 (/src)
93.96 warning: unused import: `LanguageId`
93.96   --> src/serve_host.rs:18:34
93.96    |
93.96 18 |     FakeClock, InitializeFailed, LanguageId, LogComponent, LogPort, LogScope, NullLog, PackageId,
93.96    |                                  ^^^^^^^^^^
93.96    |
93.96    = note: `#[warn(unused_imports)]` on by default
93.96
94.21 error[E0382]: use of moved value: `writer`
94.21    --> src/lib.rs:380:37
94.21     |
94.21 373 |             Some(|writer| {
94.21     |                   ------ move occurs because `writer` has type `&mut W`, which does not implement the `Copy` trait
94.21 ...
94.21 377 |                 for push in srv.drain_pushes() {
94.21     |                 ------------------------------ inside of this loop
94.21 ...
94.21 380 |                     write_mux_frame(writer, CHANNEL_CONTROL, &frame)
94.21     |                                     ^^^^^^ value moved here, in previous iteration of loop
94.21     |
94.21 help: consider moving the expression out of the loop so it is only moved once
94.21     |
94.21 377 ~                 let mut value = write_mux_frame(writer, CHANNEL_CONTROL, &frame);
94.21 378 ~                 for push in srv.drain_pushes() {
94.21 379 |                     let frame = progressive_lsp_control::encode_frame(&push.to_bytes())
94.21 380 |                         .map_err(|e| InitializeFailed(e.to_string()))?;
94.21 381 ~                     value
94.21     |
94.21 help: consider creating a fresh reborrow of `writer` here
94.21     |
94.21 380 |                     write_mux_frame(&mut *writer, CHANNEL_CONTROL, &frame)
94.21     |                                     ++++++
94.21
94.22 error: implementation of `FnMut` is not general enough
94.22    --> src/lib.rs:366:9
94.22     |
94.22 366 | /         facade.serve_mux(
94.22 367 | |             &mut reader,
94.22 368 | |             &mut writer,
94.22 369 | |             Some(|payload: &[u8]| {
94.22 ...   |
94.22 384 | |             }),
94.22 385 | |         )?;
94.22     | |_________^ implementation of `FnMut` is not general enough
94.22     |
94.22     = note: closure with signature `fn(&'2 mut W) -> Result<(), InitializeFailed>` must implement `FnMut<(&'1 mut W,)>`, for any lifetime `'1`...
94.22     = note: ...but it actually implements `FnMut<(&'2 mut W,)>`, for some specific lifetime `'2`
94.22
94.22 error: implementation of `FnOnce` is not general enough
94.22    --> src/lib.rs:366:9
94.22     |
94.22 366 | /         facade.serve_mux(
94.22 367 | |             &mut reader,
94.22 368 | |             &mut writer,
94.22 369 | |             Some(|payload: &[u8]| {
94.22 ...   |
94.22 384 | |             }),
94.22 385 | |         )?;
94.22     | |_________^ implementation of `FnOnce` is not general enough
94.22     |
94.22     = note: closure with signature `fn(&'2 mut W) -> Result<(), InitializeFailed>` must implement `FnOnce<(&'1 mut W,)>`, for any lifetime `'1`...
94.22     = note: ...but it actually implements `FnOnce<(&'2 mut W,)>`, for some specific lifetime `'2`
94.22
94.28 For more information about this error, try `rustc --explain E0382`.
94.29 warning: `progressive-lsp` (lib) generated 1 warning
94.29 error: could not compile `progressive-lsp` (lib) due to 3 previous errors; 1 warning emitted
94.29 warning: build failed, waiting for other jobs to finish...
------
rust-musl.Dockerfile:22
--------------------
  21 |
  22 | >>> RUN cargo build --release --locked --target "${RUST_TARGET}" --bin progressive-lsp && \
  23 | >>>     mkdir -p /out && \
  24 | >>>     cp "/src/target/${RUST_TARGET}/release/progressive-lsp" /out/progressive-lsp
  25 |
--------------------
ERROR: failed to build: failed to solve: process "/bin/sh -c cargo build --release --locked --target \"${RUST_TARGET}\" --bin progressive-lsp &&     mkdir -p /out &&     cp \"/src/target/${RUST_TARGET}/release/progressive-lsp\" /out/progressive-lsp" did not complete successfully: exit code: 101
xtask: docker build failed for /Users/inoahsmi/Library/CloudStorage/GoogleDrive-en.gannim@gmail.com/My Drive/Personal/Development/progressive-lsp/target/musl/aarch64-unknown-linux-musl/progressive-lsp (exit exit status: 1). Registry 404/500 and git clone timeouts are fetch failures; a missing or non-static ELF is check-static. This is not automatically a musl-triple CI gap.
./build: cargo build -p xtask (CARGO_TARGET_DIR=/Users/inoahsmi/Library/CloudStorage/GoogleDrive-en.gannim@gmail.com/My Drive/Personal/Development/progressive-lsp/target)
warning: unused import: `DOCKERFILE_REL`
  --> xtask/src/freshness.rs:21:52
   |
21 | use crate::runtime_image::{runtime_dockerfile_rel, DOCKERFILE_REL, IMAGE_TAG};
   |                                                    ^^^^^^^^^^^^^^
   |
   = note: `#[warn(unused_imports)]` (part of `#[warn(unused)]`) on by default

warning: unused import: `self`
  --> xtask/src/pack.rs:17:5
   |
17 |     self, pull_cache_binary, push_cache_binary, ArtifactFormat, NetworkFetcher,
   |     ^^^^

warning: constant `DOCKERFILE_REL` is never used
  --> xtask/src/runtime_image.rs:48:11
   |
48 | pub const DOCKERFILE_REL: &str = DOCKERFILE_X86_REL;
   |           ^^^^^^^^^^^^^^
   |
   = note: `#[warn(dead_code)]` (part of `#[warn(unused)]`) on by default

warning: `xtask` (bin "xtask") generated 3 warnings (run `cargo fix --bin "xtask" -p xtask` to apply 2 suggestions)
    Finished `dev` profile [unoptimized + debuginfo] target(s) in 0.88s
./build run ide: container mode -> image progressive-lsp-runtime:local (Docker Desktop + `./build lsp <arch>`)
xtask: cargo build --bin progressive-lsp
   Compiling progressive-lsp v0.1.0 (/Users/inoahsmi/Library/CloudStorage/GoogleDrive-en.gannim@gmail.com/My Drive/Personal/Development/progressive-lsp)
warning: unused import: `LanguageId`
  --> src/serve_host.rs:18:34
   |
18 |     FakeClock, InitializeFailed, LanguageId, LogComponent, LogPort, LogScope, NullLog, PackageId,
   |                                  ^^^^^^^^^^
   |
   = note: `#[warn(unused_imports)]` (part of `#[warn(unused)]`) on by default

error[E0382]: use of moved value: `writer`
   --> src/lib.rs:380:37
    |
373 |             Some(|writer| {
    |                   ------ move occurs because `writer` has type `&mut W`, which does not implement the `Copy` trait
...
377 |                 for push in srv.drain_pushes() {
    |                 ------------------------------ inside of this loop
...
380 |                     write_mux_frame(writer, CHANNEL_CONTROL, &frame)
    |                                     ^^^^^^ value moved here, in previous iteration of loop

error: implementation of `FnMut` is not general enough
   --> src/lib.rs:366:9
    |
366 | /         facade.serve_mux(
367 | |             &mut reader,
368 | |             &mut writer,
369 | |             Some(|payload: &[u8]| {
...   |
384 | |             }),
385 | |         )?;
    | |_________^ implementation of `FnMut` is not general enough
    |
    = note: closure with signature `fn(&'2 mut W) -> Result<(), InitializeFailed>` must implement `FnMut<(&'1 mut W,)>`, for any lifetime `'1`...
    = note: ...but it actually implements `FnMut<(&'2 mut W,)>`, for some specific lifetime `'2`

error: implementation of `FnOnce` is not general enough
   --> src/lib.rs:366:9
    |
366 | /         facade.serve_mux(
367 | |             &mut reader,
368 | |             &mut writer,
369 | |             Some(|payload: &[u8]| {
...   |
384 | |             }),
385 | |         )?;
    | |_________^ implementation of `FnOnce` is not general enough
    |
    = note: closure with signature `fn(&'2 mut W) -> Result<(), InitializeFailed>` must implement `FnOnce<(&'1 mut W,)>`, for any lifetime `'1`...
    = note: ...but it actually implements `FnOnce<(&'2 mut W,)>`, for some specific lifetime `'2`

For more information about this error, try `rustc --explain E0382`.
warning: `progressive-lsp` (lib) generated 1 warning
error: could not compile `progressive-lsp` (lib) due to 3 previous errors; 1 warning emitted
xtask: cargo build --bin progressive-lsp failed (exit status: 101)
inoahsmi @ inoahsmi ➜  progressive-lsp git:(prod-validation) ✗  ./build lsp aarch64 --flavor dogfood
./build run ide --folder /Users/inoahsmi/Development/pdf/supplytech-pdf-client/src
inoahsmi @ inoahsmi ➜  progressive-lsp git:(prod-validation) ✗  ./build lsp aarch64 --flavor dogfood
./build run ide --folder /Users/inoahsmi/Development/pdf/supplytech-pdf-client/src
./build: cargo build -p xtask (CARGO_TARGET_DIR=/Users/inoahsmi/Library/CloudStorage/GoogleDrive-en.gannim@gmail.com/My Drive/Personal/Development/progressive-lsp/target)
warning: unused import: `DOCKERFILE_REL`
  --> xtask/src/freshness.rs:21:52
   |
21 | use crate::runtime_image::{runtime_dockerfile_rel, DOCKERFILE_REL, IMAGE_TAG};
   |                                                    ^^^^^^^^^^^^^^
   |
   = note: `#[warn(unused_imports)]` (part of `#[warn(unused)]`) on by default

warning: unused import: `self`
  --> xtask/src/pack.rs:17:5
   |
17 |     self, pull_cache_binary, push_cache_binary, ArtifactFormat, NetworkFetcher,
   |     ^^^^

warning: constant `DOCKERFILE_REL` is never used
  --> xtask/src/runtime_image.rs:48:11
   |
48 | pub const DOCKERFILE_REL: &str = DOCKERFILE_X86_REL;
   |           ^^^^^^^^^^^^^^
   |
   = note: `#[warn(dead_code)]` (part of `#[warn(unused)]`) on by default

warning: `xtask` (bin "xtask") generated 3 warnings (run `cargo fix --bin "xtask" -p xtask` to apply 2 suggestions)
    Finished `dev` profile [unoptimized + debuginfo] target(s) in 0.67s
./build lsp aarch64: (1/3) Linux musl controller
xtask docker: build --platform linux/arm64 --build-arg RUST_TARGET=aarch64-unknown-linux-musl -f /Users/inoahsmi/Library/CloudStorage/GoogleDrive-en.gannim@gmail.com/My Drive/Personal/Development/progressive-lsp/docker/rust-musl.Dockerfile --output type=local,dest=/Users/inoahsmi/Library/CloudStorage/GoogleDrive-en.gannim@gmail.com/My Drive/Personal/Development/progressive-lsp/target/musl/aarch64-unknown-linux-musl . --output dest=/Users/inoahsmi/Library/CloudStorage/GoogleDrive-en.gannim@gmail.com/My Drive/Personal/Development/progressive-lsp/target/musl/aarch64-unknown-linux-musl/progressive-lsp
[+] Building 0.8s (2/3)                                                                                                                                                                                                    docker:desktop-linux
 => [internal] load build definition from rust-musl.Dockerfile                                                                                                                                                                             0.0s
 => => transferring dockerfile: 1.19kB                                                                                                        [+] Building 1.0s (2/3)                                                                                                                                                                                                    docker:desktop-linux                                              => [internal] load build definition from rust-musl.Dockerfile                                                                                                                                                                             0.0s                                              => => transferring dockerfile: 1.19kB                                                                                                        [+] Building 1.0s (3/3)                                                                                                                                                                                                    docker:desktop-linux                                              => [internal] load build definition from rust-musl.Dockerfile                                                                                                                                                                             0.0s                                              => => transferring dockerfile: 1.19kB                                                                                                        [+] Buildin[+] Building 1.3s (8/11)                                                                           [+] Building 1.5s (8/11)         [+] Buildin[+] Building 150.7s (12/12) FINISHED                                                                                                   docker:desktop-linux
 => [internal] load build definition from rust-musl.Dockerfile                                                                                         0.0s  => => transferring dockerfile: 1.19kB                                                                                                                 0.0s
 => [internal] load metadata for docker.io/library/rust:1.87-alpine                                                                                    1.0s  => [auth] library/rust:pull token for registry-1.docker.io                                                                                            0.0s
 => [internal] load .dockerignore                                                                                                                      0.0s
 => => transferring context: 544B                                                                                                                      0.0s
 => [build 1/5] FROM docker.io/library/rust:1.87-alpine@sha256:126df0f2a57e675f9306fe180b833982ffb996e90a92a793bb75253cfeed5475                        0.0s
 => => resolve docker.io/library/rust:1.87-alpine@sha256:126df0f2a57e675f9306fe180b833982ffb996e90a92a793bb75253cfeed5475                              0.0s
 => [internal] load build context                                                                                                                      0.1s
 => => transferring context: 200.62kB                                                                                                                  0.1s
 => CACHED [build 2/5] RUN apk add --no-cache musl-dev &&     rustup target add "aarch64-unknown-linux-musl"                                           0.0s
 => CACHED [build 3/5] WORKDIR /src                                                                                                                    0.0s
 => [build 4/5] COPY . .                                                                                                                               0.3s
 => [build 5/5] RUN cargo build --release --locked --target "aarch64-unknown-linux-musl" --bin progressive-lsp &&     mkdir -p /out &&     cp "/src  148.9s
 => [stage-1 1/1] COPY --from=build /out/progressive-lsp /progressive-lsp                                                                              0.1s
 => exporting to client directory                                                                                                                      0.2s
 => => copying files 22.79MB                                                                                                                           0.2s
xtask musl: check-static PASS /Users/inoahsmi/Library/CloudStorage/GoogleDrive-en.gannim@gmail.com/My Drive/Personal/Development/progressive-lsp/target/musl/aarch64-unknown-linux-musl/progressive-lsp (aarch64-unknown-linux-musl)
./build lsp aarch64: backends python (aarch64-unknown-linux-musl) is fresh
./build lsp aarch64: backends rust (aarch64-unknown-linux-musl) is fresh
./build lsp aarch64: backends phpantom (aarch64-unknown-linux-musl) is fresh
./build lsp aarch64: backends superhtml (aarch64-unknown-linux-musl) is fresh
./build lsp aarch64: backends biome (aarch64-unknown-linux-musl) is fresh
./build lsp aarch64: backends java (aarch64-unknown-linux-musl) is fresh
./build lsp aarch64: backends clangd (aarch64-unknown-linux-musl) is fresh
./build lsp aarch64: backends tsgo (aarch64-unknown-linux-musl) is fresh
./build lsp aarch64: backends gopls (aarch64-unknown-linux-musl) is fresh
./build lsp aarch64: backends zls (aarch64-unknown-linux-musl) is fresh
./build lsp aarch64: (3/3) runtime image progressive-lsp-runtime:local (flavor dogfood)
xtask docker: build --platform linux/arm64 -f /Users/inoahsmi/Library/CloudStorage/GoogleDrive-en.gannim@gmail.com/My Drive/Personal/Development/progressive-lsp/docker/runtime-aarch64.Dockerfile -t progressive-lsp-runtime:local-aarch64 -t progressive-lsp-runtime:local . (tag, context=/Users/inoahsmi/Library/CloudStorage/GoogleDrive-en.gannim@gmail.com/My Drive/Personal/Development/progressive-lsp/target/runtime-image/aarch64-unknown-linux-musl)
[+] Building 47.9s (9/9) FINISHED                                                                                                      docker:desktop-linux
 => [internal] load build definition from runtime-aarch64.Dockerfile                                                                                   0.0s
 => => transferring dockerfile: 749B                                                                                                                   0.0s
 => [internal] load metadata for docker.io/library/rockylinux:9-minimal                                                                                1.0s
 => [auth] library/rockylinux:pull token for registry-1.docker.io                                                                                      0.0s
 => [internal] load .dockerignore                                                                                                                      0.0s
 => => transferring context: 2B                                                                                                                        0.0s
 => CACHED [1/3] FROM docker.io/library/rockylinux:9-minimal@sha256:305de618a5681ff75b1d608fd22b10f362867dff2f550a4f1d427d21cd7f42b4                   0.0s
 => => resolve docker.io/library/rockylinux:9-minimal@sha256:305de618a5681ff75b1d608fd22b10f362867dff2f550a4f1d427d21cd7f42b4                          0.0s
 => [internal] load build context                                                                                                                      0.4s
 => => transferring context: 22.79MB                                                                                                                   0.4s
 => [2/3] COPY prefix /opt/plsp                                                                                                                       24.9s
 => [3/3] COPY tmp /tmp                                                                                                                                0.0s
 => exporting to image                                                                                                                                21.5s
 => => exporting layers                                                                                                                               15.1s
 => => exporting manifest sha256:d729c1c48b33bfc7b154d00fd830a70a4c609009e8f9d37cc9a83b6fda83499b                                                      0.0s
 => => exporting config sha256:403d2c9d1c2589aecf5f1085e670cee656ca9d5b004796b3d8047e85fc05dee5                                                        0.0s
 => => exporting attestation manifest sha256:775ab0be26411303b5f74f21a2a25c3c34781c2d8617b30c18045fb78273e28c                                          0.0s
 => => exporting manifest list sha256:6a94ee6257f227f8806d927a5d95a42b507a9bcaf59223dab59a3fc1fe2389fd                                                 0.0s
 => => naming to docker.io/library/progressive-lsp-runtime:local-aarch64                                                                               0.0s
 => => unpacking to docker.io/library/progressive-lsp-runtime:local-aarch64                                                                            6.2s
 => => naming to docker.io/library/progressive-lsp-runtime:local                                                                                       0.0s
 => => unpacking to docker.io/library/progressive-lsp-runtime:local                                                                                    0.0s
xtask runtime-image: tagged progressive-lsp-runtime:local-aarch64 + progressive-lsp-runtime:local (linux/arm64)
./build: cargo build -p xtask (CARGO_TARGET_DIR=/Users/inoahsmi/Library/CloudStorage/GoogleDrive-en.gannim@gmail.com/My Drive/Personal/Development/progressive-lsp/target)
warning: unused import: `DOCKERFILE_REL`
  --> xtask/src/freshness.rs:21:52
   |
21 | use crate::runtime_image::{runtime_dockerfile_rel, DOCKERFILE_REL, IMAGE_TAG};
   |                                                    ^^^^^^^^^^^^^^
   |
   = note: `#[warn(unused_imports)]` (part of `#[warn(unused)]`) on by default

warning: unused import: `self`
  --> xtask/src/pack.rs:17:5
   |
17 |     self, pull_cache_binary, push_cache_binary, ArtifactFormat, NetworkFetcher,
   |     ^^^^

warning: constant `DOCKERFILE_REL` is never used
  --> xtask/src/runtime_image.rs:48:11
   |
48 | pub const DOCKERFILE_REL: &str = DOCKERFILE_X86_REL;
   |           ^^^^^^^^^^^^^^
   |
   = note: `#[warn(dead_code)]` (part of `#[warn(unused)]`) on by default

warning: `xtask` (bin "xtask") generated 3 warnings (run `cargo fix --bin "xtask" -p xtask` to apply 2 suggestions)
    Finished `dev` profile [unoptimized + debuginfo] target(s) in 0.70s
./build run ide: container mode -> image progressive-lsp-runtime:local (Docker Desktop + `./build lsp <arch>`)
xtask: cargo build --bin progressive-lsp
   Compiling progressive-lsp-protocol v0.1.0 (/Users/inoahsmi/Library/CloudStorage/GoogleDrive-en.gannim@gmail.com/My Drive/Personal/Development/progressive-lsp/progressive-lsp-protocol)
   Compiling progressive-lsp v0.1.0 (/Users/inoahsmi/Library/CloudStorage/GoogleDrive-en.gannim@gmail.com/My Drive/Personal/Development/progressive-lsp)
    Finished `dev` profile [unoptimized + debuginfo] target(s) in 7.70s
xtask run: PROGRESSIVE_LSP=/Users/inoahsmi/Library/CloudStorage/GoogleDrive-en.gannim@gmail.com/My Drive/Personal/Development/progressive-lsp/target/debug/progressive-lsp cargo run -p poc-ide
   Compiling progressive-lsp-control v0.1.0 (/Users/inoahsmi/Library/CloudStorage/GoogleDrive-en.gannim@gmail.com/My Drive/Personal/Development/progressive-lsp/progressive-lsp-control)
   Compiling progressive-lsp-protocol v0.1.0 (/Users/inoahsmi/Library/CloudStorage/GoogleDrive-en.gannim@gmail.com/My Drive/Personal/Development/progressive-lsp/progressive-lsp-protocol)
   Compiling poc-ide v0.1.0 (/Users/inoahsmi/Library/CloudStorage/GoogleDrive-en.gannim@gmail.com/My Drive/Personal/Development/progressive-lsp/poc-ide)
warning: unused import: `std::path::Path`
 --> poc-ide/src/references.rs:3:5
  |
3 | use std::path::Path;
  |     ^^^^^^^^^^^^^^^
  |
  = note: `#[warn(unused_imports)]` (part of `#[warn(unused)]`) on by default

warning: `poc-ide` (lib) generated 1 warning (run `cargo fix --lib -p poc-ide` to apply 1 suggestion)
    Finished `dev` profile [unoptimized + debuginfo] target(s) in 14.85s
     Running `target/debug/poc-ide --folder /Users/inoahsmi/Development/pdf/supplytech-pdf-client/src --container`
